// Jest Snapshot v1, https://goo.gl/fbAQLP

exports[`Attributes component renders properly 1`] = `
<div>
  <span
    class="attributes"
  >
    <span
      class="attribute"
    >
      <span
        class="punc"
      >
         
      </span>
      <span
        class="name"
      >
        a
      </span>
      <span
        class="punc"
      >
        =
      </span>
      <span
        class="valueContainer"
      >
        <span
          class="punc"
        >
          "
        </span>
        <span
          class="value"
        >
          b
        </span>
        <span
          class="punc"
        >
          "
        </span>
      </span>
    </span>
  </span>
</div>
`;
