// Jest Snapshot v1, https://goo.gl/fbAQLP

exports[`Attribute component renders properly 1`] = `"text1 text2"`;
