// Jest Snapshot v1, https://goo.gl/fbAQLP

exports[`TextNode component text node renders properly 1`] = `
<div>
  <div
    class="textnode focusable"
  >
    <span
      class="value"
    >
      text
    </span>
  </div>
</div>
`;
